[besttipper.online/index.html]
[backblue.gif]
[fade.gif]
[index.html]
[cdnjs.cloudflare.com/ajax/libs/normalize/5.0.0/normalize.min.css]
[cdnjs.cloudflare.com/ajax/libs/font-awesome/4.7.0/css/font-awesome.min.css]
[besttipper.online/style.css]
[connect.facebook.net/en_US/fbevents.js]
[besttipper.online/images/312142211_487136336766364_8337084955987567296_n.jpg]
[besttipper.online/images/312248201_487090633437601_5277820818049564803_n.jpg]
[besttipper.online/images/312258813_487120200101311_7747185234235957721_n.jpg]
[besttipper.online/images/312259319_487140940099237_8279344711871775887_n.jpg]
[besttipper.online/images/333616559_765172208252439_2870059357989710069_n.jpg]
[cdnjs.cloudflare.com/ajax/libs/jquery/3.1.1/jquery.min.js]
[cdnjs.cloudflare.com/ajax/libs/gsap/1.19.1/TweenMax.min.js]
[besttipper.online/index.html]
[besttipper.online/script.js]
[cdnjs.cloudflare.com/ajax/libs/normalize/5.0.0/normalize.min.css]
[cdnjs.cloudflare.com/ajax/libs/font-awesome/4.7.0/css/font-awesome.min.css]
[besttipper.online/style.css]
[besttipper.online/a.c.delayed]
[besttipper.online/POST.d.delayed]
[besttipper.online/schema.org/index.html]
[besttipper.online/b.e.delayed]
[besttipper.online/signals/iwl.f.delayed]
[connect.facebook.net/en_US/fbevents.js]
[besttipper.online/a.html]
[besttipper.online/POST.html]
[besttipper.online/schema.org/index.html]
[besttipper.online/b.html]
[besttipper.online/signals/iwl.html]
